Command: C:\Users\Petch\.espressif\python_env\idf5.5_py3.11_env\Scripts\python.exe C:\Users\Petch\esp\v5.5.1\esp-idf\tools/idf_monitor.py -p COM3 -b 115200 --toolchain-prefix xtensa-esp32-elf- --target esp32 --revision 0 C:\Users\Petch\OneDrive\Documents\VScode\Week-12-FreeRTOS_Worksheets\Lab-12\Lab-00\Single\build\Single.elf C:\Users\Petch\OneDrive\Documents\VScode\Week-12-FreeRTOS_Worksheets\Lab-12\Lab-00\Single\build\bootloader\bootloader.elf --force-color -m 'C:\Users\Petch\.espressif\python_env\idf5.5_py3.11_env\Scripts\python.exe' 'C:\Users\Petch\esp\v5.5.1\esp-idf\tools\idf.py'
ets Jul 29 2019 12:21:46

rst:0x1 (POWERON_RESET),boot:0x13 (SPI_FAST_FLASH_BOOT)
configsip: 0, SPIWP:0xee
clk_drv:0x00,q_drv:0x00,d_drv:0x00,cs0_drv:0x00,hd_drv:0x00,wp_drv:0x00
mode:DIO, clock div:2
load:0x3fff0030,len:6380
ho 0 tail 12 room 4
load:0x40078000,len:15916
load:0x40080400,len:3860
entry 0x40080638
[0;32mI (29) boot: ESP-IDF v5.5.1 2nd stage bootloader[0m
[0;32mI (29) boot: compile time Oct  1 2025 10:16:36[0m
[0;32mI (29) boot: Multicore bootloader[0m
[0;32mI (31) boot: chip revision: v3.1[0m
[0;32mI (33) boot.esp32: SPI Speed      : 40MHz[0m
[0;32mI (37) boot.esp32: SPI Mode       : DIO[0m
[0;32mI (41) boot.esp32: SPI Flash Size : 2MB[0m
[0;32mI (44) boot: Enabling RNG early entropy source...[0m
[0;32mI (49) boot: Partition Table:[0m
[0;32mI (51) boot: ## Label            Usage          Type ST Offset   Length[0m
[0;32mI (58) boot:  0 nvs              WiFi data        01 02 00009000 00006000[0m
[0;32mI (64) boot:  1 phy_init         RF data          01 01 0000f000 00001000[0m
[0;32mI (71) boot:  2 factory          factory app      00 00 00010000 00100000[0m
[0;32mI (77) boot: End of partition table[0m
[0;32mI (81) esp_image: segment 0: paddr=00010020 vaddr=3f400020 size=0a2f0h ( 41712) map[0m
[0;32mI (102) esp_image: segment 1: paddr=0001a318 vaddr=3ffb0000 size=023f8h (  9208) load[0m
[0;32mI (106) esp_image: segment 2: paddr=0001c718 vaddr=40080000 size=03900h ( 14592) load[0m
[0;32mI (112) esp_image: segment 3: paddr=00020020 vaddr=400d0020 size=14684h ( 83588) map[0m
[0;32mI (142) esp_image: segment 4: paddr=000346ac vaddr=40083900 size=096b0h ( 38576) load[0m
[0;32mI (158) esp_image: segment 5: paddr=0003dd64 vaddr=50000000 size=00020h (    32) load[0m
[0;32mI (164) boot: Loaded app from partition at offset 0x10000[0m
[0;32mI (164) boot: Disabling RNG early entropy source...[0m
[0;32mI (176) cpu_start: Multicore app[0m
[0;32mI (184) cpu_start: Pro cpu start user code[0m
[0;32mI (184) cpu_start: cpu freq: 160000000 Hz[0m
[0;32mI (184) app_init: Application information:[0m
[0;32mI (184) app_init: Project name:     Single[0m
[0;32mI (188) app_init: App version:      813e069-dirty[0m
[0;32mI (192) app_init: Compile time:     Oct  1 2025 10:15:01[0m
[0;32mI (198) app_init: ELF file SHA256:  fae5900f4...[0m
[0;32mI (202) app_init: ESP-IDF:          v5.5.1[0m
[0;32mI (206) efuse_init: Min chip rev:     v0.0[0m
[0;32mI (209) efuse_init: Max chip rev:     v3.99 [0m
[0;32mI (213) efuse_init: Chip rev:         v3.1[0m
[0;32mI (218) heap_init: Initializing. RAM available for dynamic allocation:[0m
[0;32mI (224) heap_init: At 3FFAE6E0 len 00001920 (6 KiB): DRAM[0m
[0;32mI (229) heap_init: At 3FFB2CC0 len 0002D340 (180 KiB): DRAM[0m
[0;32mI (234) heap_init: At 3FFE0440 len 00003AE0 (14 KiB): D/IRAM[0m
[0;32mI (239) heap_init: At 3FFE4350 len 0001BCB0 (111 KiB): D/IRAM[0m
[0;32mI (245) heap_init: At 4008CFB0 len 00013050 (76 KiB): IRAM[0m
[0;33mW (251) spi_flash: Detected boya flash chip but using generic driver. For optimal functionality, enable `SPI_FLASH_SUPPORT_BOYA_CHIP` in menuconfig[0m
[0;32mI (263) spi_flash: detected chip: generic[0m
[0;32mI (267) spi_flash: flash io: dio[0m
[0;33mW (270) spi_flash: Detected size(4096k) larger than the size in the binary image header(2048k). Using the size in the binary image header.[0m
[0;32mI (283) main_task: Started on CPU0[0m
[0;32mI (293) main_task: Calling app_main()[0m
[0;32mI (293) SINGLE_TASK: Single Task System Started[0m
[0;32mI (293) SINGLE_TASK: Reading sensor...[0m
[0;32mI (1293) SINGLE_TASK: Processing data...[0m
[0;32mI (1363) SINGLE_TASK: Controlling actuator...[0m
[0;33mW (1963) SINGLE_TASK: Button pressed! (Delayed response)[0m
[0;32mI (1963) SINGLE_TASK: Reading sensor...[0m
[0;32mI (2963) SINGLE_TASK: Processing data...[0m
[0;32mI (3033) SINGLE_TASK: Controlling actuator...[0m
[0;32mI (3633) SINGLE_TASK: Reading sensor...[0m
[0;32mI (4633) SINGLE_TASK: Processing data...[0m
[0;32mI (4703) SINGLE_TASK: Controlling actuator...[0m
[0;32mI (5303) SINGLE_TASK: Reading sensor...[0m
[0;32mI (6303) SINGLE_TASK: Processing data...[0m
[0;32mI (6373) SINGLE_TASK: Controlling actuator...[0m
[0;32mI (6973) SINGLE_TASK: Reading sensor...[0m
[0;32mI (7973) SINGLE_TASK: Processing data...[0m
[0;32mI (8043) SINGLE_TASK: Controlling actuator...[0m
[0;33mW (8643) SINGLE_TASK: Button pressed! (Delayed response)[0m
[0;32mI (8643) SINGLE_TASK: Reading sensor...[0m
[0;32mI (9643) SINGLE_TASK: Processing data...[0m
[0;32mI (9713) SINGLE_TASK: Controlling actuator...[0m
[0;33mW (10313) SINGLE_TASK: Button pressed! (Delayed response)[0m
[0;32mI (10313) SINGLE_TASK: Reading sensor...[0m
[0;32mI (11313) SINGLE_TASK: Processing data...[0m
[0;32mI (11383) SINGLE_TASK: Controlling actuator...[0m
[0;33mW (11983) SINGLE_TASK: Button pressed! (Delayed response)[0m
[0;32mI (11983) SINGLE_TASK: Reading sensor...[0m
[0;32mI (12983) SINGLE_TASK: Processing data...[0m
[0;32mI (13053) SINGLE_TASK: Controlling actuator...[0m
[0;33mW (13653) SINGLE_TASK: Button pressed! (Delayed response)[0m
[0;32mI (13653) SINGLE_TASK: Reading sensor...[0m
[0;32mI (14653) SINGLE_TASK: Processing data...[0m
[0;32mI (14723) SINGLE_TASK: Controlling actuator...[0m
[0;32mI (15323) SINGLE_TASK: Reading sensor...[0m
[0;32mI (16323) SINGLE_TASK: Processing data...[0m
[0;32mI (16393) SINGLE_TASK: Controlling actuator...[0m
[0;33mW (16993) SINGLE_TASK: Button pressed! (Delayed response)[0m
[0;32mI (16993) SINGLE_TASK: Reading sensor...[0m
[0;32mI (17993) SINGLE_TASK: Processing data...[0m
[0;32mI (18063) SINGLE_TASK: Controlling actuator...[0m
[0;32mI (18663) SINGLE_TASK: Reading sensor...[0m
[0;32mI (19663) SINGLE_TASK: Processing data...[0m
[0;32mI (19733) SINGLE_TASK: Controlling actuator...[0m
[0;33mW (20333) SINGLE_TASK: Button pressed! (Delayed response)[0m
[0;32mI (20333) SINGLE_TASK: Reading sensor...[0m
[0;32mI (21333) SINGLE_TASK: Processing data...[0m
[0;32mI (21403) SINGLE_TASK: Controlling actuator...[0m
[0;33mW (22003) SINGLE_TASK: Button pressed! (Delayed response)[0m
[0;32mI (22003) SINGLE_TASK: Reading sensor...[0m
[0;32mI (23003) SINGLE_TASK: Processing data...[0m
[0;32mI (23073) SINGLE_TASK: Controlling actuator...[0m
